src/components/controls/IslandScanCard.tsx(4,34): error TS2307: Cannot find module '@/features/lys-conversion/useLycheeImport' or its corresponding type declarations.
src/components/layout/FloatingPanelStack.tsx(108,24): error TS2352: Conversion of type '{ version: number; profiles: ({ id: string; matchPanelIds: string[]; order: string[]; anchors: { "prepare-debug-primitives": { to: string; side: string; }; "visual-settings": { to: string; side: string; }; "prepare-transform-controls": { ...; }; ... 9 more ...; "support-settings"?: undefined; }; } | ... 11 more ... ...' to type 'LayoutConfig' may be a mistake because neither type sufficiently overlaps with the other. If this was intentional, convert the expression to 'unknown' first.
  Types of property 'profiles' are incompatible.
    Type '({ id: string; matchPanelIds: string[]; order: string[]; anchors: { "prepare-debug-primitives": { to: string; side: string; }; "visual-settings": { to: string; side: string; }; "prepare-transform-controls": { ...; }; ... 9 more ...; "support-settings"?: undefined; }; } | ... 11 more ... | { ...; })[]' is not comparable to type 'LayoutProfile[]'.
      Type '{ id: string; matchPanelIds: string[]; order: string[]; anchors: { "prepare-debug-primitives": { to: string; side: string; }; "visual-settings": { to: string; side: string; }; "prepare-transform-controls": { ...; }; ... 9 more ...; "support-settings"?: undefined; }; } | ... 11 more ... | { ...; }' is not comparable to type 'LayoutProfile'.
        Type '{ id: string; matchPanelIds: string[]; order: string[]; anchors: { "visual-settings": { to: string; side: string; }; "prepare-debug-primitives"?: undefined; "prepare-transform-controls"?: undefined; "prepare-smoothing-settings"?: undefined; ... 8 more ...; "support-settings"?: undefined; }; }' is not comparable to type 'LayoutProfile'.
          Types of property 'anchors' are incompatible.
            Type '{ "visual-settings": { to: string; side: string; }; "prepare-debug-primitives"?: undefined; "prepare-transform-controls"?: undefined; "prepare-smoothing-settings"?: undefined; "prepare-arrange-panel"?: undefined; ... 7 more ...; "support-settings"?: undefined; }' is not comparable to type 'Record<string, LayoutAnchorRule>'.
              Property '"prepare-debug-primitives"' is incompatible with index signature.
                Type 'undefined' is not comparable to type 'LayoutAnchorRule'.
src/components/layout/FloatingPanelStack.tsx(559,44): error TS18046: 'child.props' is of type 'unknown'.
src/components/picking/PickingContext.tsx(28,7): error TS2741: Property 'isDragging' is missing in type '{ hit: PickingResult; register: () => number; unregister: () => void; setConfig: () => void; config: PickingConfig; onDragStart: () => void; onDragEnd: () => void; pause: () => void; resume: () => void; isPaused: false; }' but required in type 'PickingContextValue'.
src/components/scene/CameraFocusController.tsx(5,35): error TS2307: Cannot find module '@/modules/island/islandOverlayLogic' or its corresponding type declarations.
src/components/scene/IslandExpansionVisualization.tsx(186,13): error TS18047: 'data' is possibly 'null'.
src/components/scene/PickingStateSyncer.tsx(14,28): error TS2345: Argument of type 'PickableCategory' is not assignable to parameter of type '"none" | "model" | "support" | "joint" | "raft" | "gizmo"'.
  Type '"knot"' is not assignable to type '"none" | "model" | "support" | "joint" | "raft" | "gizmo"'.
src/components/settings/HotkeysSettingsTab.tsx(94,24): error TS2339: Property 'modifier' does not exist on type '{ readonly keys: readonly ["Delete", "Backspace"]; readonly description: "Delete selected item"; } | { readonly key: "z"; readonly modifier: "ctrl"; readonly description: "Undo last action"; } | { ...; }'.
  Property 'modifier' does not exist on type '{ readonly keys: readonly ["Delete", "Backspace"]; readonly description: "Delete selected item"; }'.
src/components/settings/HotkeysSettingsTab.tsx(94,50): error TS2339: Property 'modifier' does not exist on type '{ readonly keys: readonly ["Delete", "Backspace"]; readonly description: "Delete selected item"; } | { readonly key: "z"; readonly modifier: "ctrl"; readonly description: "Undo last action"; } | { ...; }'.
  Property 'modifier' does not exist on type '{ readonly keys: readonly ["Delete", "Backspace"]; readonly description: "Delete selected item"; }'.
src/supports/Curves/BezierGizmo/BezierGizmoManager.tsx(114,57): error TS2339: Property 'height' does not exist on type 'Roots'.
src/supports/Curves/curveUtils.ts(40,30): error TS2339: Property 'height' does not exist on type 'Roots'.
src/supports/Curves/curveUtils.ts(230,41): error TS2339: Property 'height' does not exist on type 'Roots'.
src/supports/PlacementLogic/JointConstraintSolver.ts(48,29): error TS2339: Property 'height' does not exist on type 'Roots'.
src/supports/Rafts/Crenelated/components/RaftSettingsCard.tsx(17,53): error TS2339: Property 'enabled' does not exist on type 'RaftSettings'.
src/supports/Rafts/Crenelated/components/RaftSettingsCard.tsx(83,31): error TS2339: Property 'enabled' does not exist on type 'RaftSettings'.
src/supports/Rafts/Crenelated/components/RaftSettingsCard.tsx(84,44): error TS2345: Argument of type '"enabled"' is not assignable to parameter of type 'keyof RaftSettings'.
src/supports/state.ts(768,14): error TS2339: Property 'controlPoint1' does not exist on type 'Segment'.
  Property 'controlPoint1' does not exist on type 'StraightSegment'.
src/supports/state.ts(769,14): error TS2339: Property 'controlPoint2' does not exist on type 'Segment'.
  Property 'controlPoint2' does not exist on type 'StraightSegment'.
src/supports/state.ts(770,14): error TS2339: Property 'startTangent' does not exist on type 'Segment'.
  Property 'startTangent' does not exist on type 'StraightSegment'.
src/supports/state.ts(771,14): error TS2339: Property 'endTangent' does not exist on type 'Segment'.
  Property 'endTangent' does not exist on type 'StraightSegment'.
src/supports/SupportPrimitives/Joint/useJointCreation.ts(53,37): error TS2339: Property 'height' does not exist on type 'Roots'.
src/supports/SupportTypes/Branch/BranchPlacementController.tsx(91,37): error TS2339: Property 'height' does not exist on type 'Roots'.
src/supports/SupportTypes/Leaf/LeafPlacementController.tsx(56,37): error TS2339: Property 'height' does not exist on type 'Roots'.
src/supports/SupportTypes/SupportBrace/supportBraceStore.ts(139,14): error TS2339: Property 'controlPoint1' does not exist on type 'Segment'.
  Property 'controlPoint1' does not exist on type 'StraightSegment'.
src/supports/SupportTypes/SupportBrace/supportBraceStore.ts(140,14): error TS2339: Property 'controlPoint2' does not exist on type 'Segment'.
  Property 'controlPoint2' does not exist on type 'StraightSegment'.
src/supports/SupportTypes/SupportBrace/supportBraceStore.ts(141,14): error TS2339: Property 'startTangent' does not exist on type 'Segment'.
  Property 'startTangent' does not exist on type 'StraightSegment'.
src/supports/SupportTypes/SupportBrace/supportBraceStore.ts(142,14): error TS2339: Property 'endTangent' does not exist on type 'Segment'.
  Property 'endTangent' does not exist on type 'StraightSegment'.
src/supports/SupportTypes/Trunk/TrunkRenderer.tsx(68,70): error TS2339: Property 'height' does not exist on type 'Roots'.
src/volumeAnalysis/IslandScan/components.ts(31,23): error TS2345: Argument of type '{ id: number; label: number; area_px: number; size: number; }' is not assignable to parameter of type 'ComponentInfo'.
  Type '{ id: number; label: number; area_px: number; size: number; }' is missing the following properties from type 'ComponentInfo': centroidSumX, centroidSumY
src/volumeAnalysis/IslandScan/islandOverlayLogic.ts(452,17): error TS2339: Property 'seedVoxel' does not exist on type 'Island'.
src/volumeAnalysis/IslandScan/islandOverlayLogic.ts(454,49): error TS2339: Property 'seedVoxel' does not exist on type 'Island'.
src/volumeAnalysis/islandVolume/IslandAnalysisPage.tsx(6,30): error TS2307: Cannot find module './steps/Step1_BasicScan' or its corresponding type declarations.
src/volumeAnalysis/islandVolume/steps/expansion/BasinFillSimulator.ts(107,51): error TS2345: Argument of type '{ x: number; y: number; z: number; }' is not assignable to parameter of type 'Vector3'.
  Type '{ x: number; y: number; z: number; }' is missing the following properties from type 'Vector3': isVector3, set, setScalar, setX, and 71 more.
src/volumeAnalysis/islandVolume/steps/voxelization/islandTracker.ts(180,21): error TS2322: Type 'number | undefined' is not assignable to type 'number'.
  Type 'undefined' is not assignable to type 'number'.
src/volumeAnalysis/TerritorySystem/types.ts(1,27): error TS2307: Cannot find module '../island/rle' or its corresponding type declarations.
